{"level":"info","message":"hello from aquisition","service":"aquisition-api","timestamp":"2026-04-05T05:22:46.157Z"}
{"level":"info","message":"::1 - - [05/Apr/2026:05:22:46 +0000] \"GET / HTTP/1.1\" 304 - \"-\" \"Mozilla/5.0 (Windows NT 10.0; Win64; x64) AppleWebKit/537.36 (KHTML, like Gecko) Chrome/146.0.0.0 Safari/537.36 Edg/146.0.0.0\"","service":"aquisition-api","timestamp":"2026-04-05T05:22:46.178Z"}
{"level":"info","message":"::1 - - [05/Apr/2026:05:22:46 +0000] \"GET /favicon.ico HTTP/1.1\" 404 150 \"-\" \"Mozilla/5.0 (Windows NT 10.0; Win64; x64) AppleWebKit/537.36 (KHTML, like Gecko) Chrome/146.0.0.0 Safari/537.36 Edg/146.0.0.0\"","service":"aquisition-api","timestamp":"2026-04-05T05:22:46.321Z"}
{"level":"info","message":"hello from aquisition","service":"aquisition-api","timestamp":"2026-04-07T05:02:52.997Z"}
{"level":"info","message":"::1 - - [07/Apr/2026:05:02:53 +0000] \"GET / HTTP/1.1\" 200 21 \"-\" \"PostmanRuntime/7.52.0\"","service":"aquisition-api","timestamp":"2026-04-07T05:02:53.012Z"}
{"level":"info","message":"::1 - - [07/Apr/2026:05:03:28 +0000] \"GET /api HTTP/1.1\" 500 1271 \"-\" \"PostmanRuntime/7.52.0\"","service":"aquisition-api","timestamp":"2026-04-07T05:03:28.474Z"}
{"level":"info","message":"::1 - - [07/Apr/2026:05:13:33 +0000] \"GET /api HTTP/1.1\" 200 39 \"-\" \"PostmanRuntime/7.52.0\"","service":"aquisition-api","timestamp":"2026-04-07T05:13:33.291Z"}
{"level":"info","message":"::1 - - [07/Apr/2026:05:13:42 +0000] \"GET /health HTTP/1.1\" 500 1271 \"-\" \"PostmanRuntime/7.52.0\"","service":"aquisition-api","timestamp":"2026-04-07T05:13:42.893Z"}
{"level":"info","message":"::1 - - [07/Apr/2026:05:14:22 +0000] \"GET /health HTTP/1.1\" 500 1271 \"-\" \"PostmanRuntime/7.52.0\"","service":"aquisition-api","timestamp":"2026-04-07T05:14:22.095Z"}
{"level":"info","message":"::1 - - [07/Apr/2026:05:14:51 +0000] \"GET /health HTTP/1.1\" 200 73 \"-\" \"PostmanRuntime/7.52.0\"","service":"aquisition-api","timestamp":"2026-04-07T05:14:51.411Z"}
{"level":"info","message":"::1 - - [07/Apr/2026:05:15:52 +0000] \"POST /api/auth/sign-in HTTP/1.1\" 200 31 \"-\" \"PostmanRuntime/7.52.0\"","service":"aquisition-api","timestamp":"2026-04-07T05:15:52.683Z"}
{"level":"info","message":"::1 - - [08/Apr/2026:16:43:17 +0000] \"POST /api/auth/sign-up HTTP/1.1\" 400 1317 \"-\" \"PostmanRuntime/7.53.0\"","service":"aquisition-api","timestamp":"2026-04-08T16:43:17.112Z"}
{"level":"info","message":"::1 - - [08/Apr/2026:16:43:29 +0000] \"POST /api/auth/sign-up HTTP/1.1\" 400 1317 \"-\" \"PostmanRuntime/7.53.0\"","service":"aquisition-api","timestamp":"2026-04-08T16:43:29.936Z"}
{"level":"info","message":"::1 - - [08/Apr/2026:16:44:32 +0000] \"POST /api/auth/sign-up HTTP/1.1\" 400 1316 \"-\" \"PostmanRuntime/7.53.0\"","service":"aquisition-api","timestamp":"2026-04-08T16:44:32.866Z"}
{"level":"error","message":"signup error array is not defined","service":"aquisition-api","stack":"ReferenceError: array is not defined\n    at formatValidationError (file:///C:/Users/saura/OneDrive/Desktop/aquisitions/src/utils/format.js:4:5)\n    at signup (file:///C:/Users/saura/OneDrive/Desktop/aquisitions/src/controllers/auth.controller.js:12:18)\n    at Layer.handleRequest (C:\\Users\\saura\\OneDrive\\Desktop\\aquisitions\\node_modules\\router\\lib\\layer.js:152:17)\n    at next (C:\\Users\\saura\\OneDrive\\Desktop\\aquisitions\\node_modules\\router\\lib\\route.js:157:13)\n    at Route.dispatch (C:\\Users\\saura\\OneDrive\\Desktop\\aquisitions\\node_modules\\router\\lib\\route.js:117:3)\n    at handle (C:\\Users\\saura\\OneDrive\\Desktop\\aquisitions\\node_modules\\router\\index.js:435:11)\n    at Layer.handleRequest (C:\\Users\\saura\\OneDrive\\Desktop\\aquisitions\\node_modules\\router\\lib\\layer.js:152:17)\n    at C:\\Users\\saura\\OneDrive\\Desktop\\aquisitions\\node_modules\\router\\index.js:295:15\n    at processParams (C:\\Users\\saura\\OneDrive\\Desktop\\aquisitions\\node_modules\\router\\index.js:582:12)\n    at next (C:\\Users\\saura\\OneDrive\\Desktop\\aquisitions\\node_modules\\router\\index.js:291:5)","timestamp":"2026-04-08T16:45:04.361Z"}
{"level":"info","message":"::1 - - [08/Apr/2026:16:45:04 +0000] \"POST /api/auth/sign-up HTTP/1.1\" 400 1319 \"-\" \"PostmanRuntime/7.53.0\"","service":"aquisition-api","timestamp":"2026-04-08T16:45:04.379Z"}
{"level":"info","message":"::1 - - [08/Apr/2026:16:47:39 +0000] \"POST /api/auth/sign-up HTTP/1.1\" 400 92 \"-\" \"PostmanRuntime/7.53.0\"","service":"aquisition-api","timestamp":"2026-04-08T16:47:39.299Z"}
{"level":"info","message":"::1 - - [08/Apr/2026:16:49:12 +0000] \"POST /api/auth/sign-up HTTP/1.1\" 400 92 \"-\" \"PostmanRuntime/7.53.0\"","service":"aquisition-api","timestamp":"2026-04-08T16:49:12.447Z"}
{"level":"info","message":"::1 - - [08/Apr/2026:16:54:32 +0000] \"POST /api/auth/sign-up HTTP/1.1\" 400 92 \"-\" \"PostmanRuntime/7.53.0\"","service":"aquisition-api","timestamp":"2026-04-08T16:54:32.128Z"}
{"level":"info","message":"::1 - - [08/Apr/2026:16:58:15 +0000] \"POST /api/auth/sign-up HTTP/1.1\" 400 92 \"-\" \"PostmanRuntime/7.53.0\"","service":"aquisition-api","timestamp":"2026-04-08T16:58:15.825Z"}
{"level":"info","message":"::1 - - [08/Apr/2026:17:02:14 +0000] \"POST /api/auth/sign-up HTTP/1.1\" 400 196 \"-\" \"PostmanRuntime/7.53.0\"","service":"aquisition-api","timestamp":"2026-04-08T17:02:14.934Z"}
{"level":"info","message":"::1 - - [08/Apr/2026:17:03:54 +0000] \"POST /api/auth/sign-up HTTP/1.1\" 400 91 \"-\" \"PostmanRuntime/7.53.0\"","service":"aquisition-api","timestamp":"2026-04-08T17:03:54.421Z"}
{"level":"info","message":"user registered successfully sau@gmail.com","service":"aquisition-api","timestamp":"2026-04-08T17:04:03.781Z"}
{"level":"info","message":"::1 - - [08/Apr/2026:17:04:03 +0000] \"POST /api/auth/sign-up HTTP/1.1\" 201 100 \"-\" \"PostmanRuntime/7.53.0\"","service":"aquisition-api","timestamp":"2026-04-08T17:04:03.784Z"}
{"level":"info","message":"::1 - - [08/Apr/2026:17:04:12 +0000] \"POST /api/auth/sign-up HTTP/1.1\" 400 92 \"-\" \"PostmanRuntime/7.53.0\"","service":"aquisition-api","timestamp":"2026-04-08T17:04:12.953Z"}
{"level":"info","message":"User anyone@gmail.com created ","service":"aquisition-api","timestamp":"2026-04-10T12:55:48.514Z"}
{"level":"error","message":"signup error Cannot read properties of undefined (reading 'sign')","service":"aquisition-api","stack":"TypeError: Cannot read properties of undefined (reading 'sign')\n    at signup (file:///C:/Users/saura/OneDrive/Desktop/aquisitions/src/controllers/auth.controller.js:25:28)\n    at process.processTicksAndRejections (node:internal/process/task_queues:105:5)","timestamp":"2026-04-10T12:55:48.523Z"}
{"level":"info","message":"::1 - - [10/Apr/2026:12:55:48 +0000] \"POST /api/auth/sign-up HTTP/1.1\" 500 416 \"-\" \"PostmanRuntime/7.53.0\"","service":"aquisition-api","timestamp":"2026-04-10T12:55:48.532Z"}
{"level":"error","message":"Error creating user Error: User already exist","service":"aquisition-api","timestamp":"2026-04-10T13:00:11.224Z"}
{"level":"error","message":"signup error User already exist","service":"aquisition-api","stack":"Error: User already exist\n    at createUser (file:///C:/Users/saura/OneDrive/Desktop/aquisitions/src/services/auth.service.js:20:39)\n    at process.processTicksAndRejections (node:internal/process/task_queues:105:5)\n    at async signup (file:///C:/Users/saura/OneDrive/Desktop/aquisitions/src/controllers/auth.controller.js:23:18)","timestamp":"2026-04-10T13:00:11.232Z"}
{"level":"info","message":"::1 - - [10/Apr/2026:13:00:11 +0000] \"POST /api/auth/sign-up HTTP/1.1\" 500 496 \"-\" \"PostmanRuntime/7.53.0\"","service":"aquisition-api","timestamp":"2026-04-10T13:00:11.242Z"}
{"level":"info","message":"User kuchbhi@gmail.com created ","service":"aquisition-api","timestamp":"2026-04-10T13:01:40.764Z"}
{"level":"error","message":"signup error sign is not defined","service":"aquisition-api","stack":"ReferenceError: sign is not defined\n    at signup (file:///C:/Users/saura/OneDrive/Desktop/aquisitions/src/controllers/auth.controller.js:25:19)\n    at process.processTicksAndRejections (node:internal/process/task_queues:105:5)","timestamp":"2026-04-10T13:01:40.765Z"}
{"level":"info","message":"::1 - - [10/Apr/2026:13:01:40 +0000] \"POST /api/auth/sign-up HTTP/1.1\" 500 380 \"-\" \"PostmanRuntime/7.53.0\"","service":"aquisition-api","timestamp":"2026-04-10T13:01:40.768Z"}
{"level":"error","message":"Error creating user Error: User already exist","service":"aquisition-api","timestamp":"2026-04-10T13:02:39.873Z"}
{"level":"error","message":"signup error User already exist","service":"aquisition-api","stack":"Error: User already exist\n    at createUser (file:///C:/Users/saura/OneDrive/Desktop/aquisitions/src/services/auth.service.js:20:39)\n    at process.processTicksAndRejections (node:internal/process/task_queues:105:5)\n    at async signup (file:///C:/Users/saura/OneDrive/Desktop/aquisitions/src/controllers/auth.controller.js:23:18)","timestamp":"2026-04-10T13:02:39.879Z"}
{"level":"info","message":"::1 - - [10/Apr/2026:13:02:39 +0000] \"POST /api/auth/sign-up HTTP/1.1\" 500 496 \"-\" \"PostmanRuntime/7.53.0\"","service":"aquisition-api","timestamp":"2026-04-10T13:02:39.888Z"}
{"level":"info","message":"User hi@gmail.com created ","service":"aquisition-api","timestamp":"2026-04-10T13:03:02.273Z"}
{"level":"error","message":"signup error secretOrPrivateKey must have a value","service":"aquisition-api","stack":"Error: secretOrPrivateKey must have a value\n    at module.exports (C:\\Users\\saura\\OneDrive\\Desktop\\aquisitions\\node_modules\\jsonwebtoken\\sign.js:111:20)\n    at signup (file:///C:/Users/saura/OneDrive/Desktop/aquisitions/src/controllers/auth.controller.js:25:19)\n    at process.processTicksAndRejections (node:internal/process/task_queues:105:5)","timestamp":"2026-04-10T13:03:02.275Z"}
{"level":"info","message":"::1 - - [10/Apr/2026:13:03:02 +0000] \"POST /api/auth/sign-up HTTP/1.1\" 500 510 \"-\" \"PostmanRuntime/7.53.0\"","service":"aquisition-api","timestamp":"2026-04-10T13:03:02.278Z"}
{"level":"error","message":"Error creating user Error: User already exist","service":"aquisition-api","timestamp":"2026-04-10T13:06:17.966Z"}
{"level":"error","message":"signup error User already exist","service":"aquisition-api","stack":"Error: User already exist\n    at createUser (file:///C:/Users/saura/OneDrive/Desktop/aquisitions/src/services/auth.service.js:20:39)\n    at process.processTicksAndRejections (node:internal/process/task_queues:105:5)\n    at async signup (file:///C:/Users/saura/OneDrive/Desktop/aquisitions/src/controllers/auth.controller.js:24:18)","timestamp":"2026-04-10T13:06:17.971Z"}
{"level":"info","message":"::1 - - [10/Apr/2026:13:06:17 +0000] \"POST /api/auth/sign-up HTTP/1.1\" 500 496 \"-\" \"PostmanRuntime/7.53.0\"","service":"aquisition-api","timestamp":"2026-04-10T13:06:17.979Z"}
{"level":"info","message":"User munna@gmail.com created ","service":"aquisition-api","timestamp":"2026-04-10T13:06:49.395Z"}
{"level":"info","message":"user registered successfully munna@gmail.com","service":"aquisition-api","timestamp":"2026-04-10T13:06:49.410Z"}
{"level":"info","message":"::1 - - [10/Apr/2026:13:06:49 +0000] \"POST /api/auth/sign-up HTTP/1.1\" 201 100 \"-\" \"PostmanRuntime/7.53.0\"","service":"aquisition-api","timestamp":"2026-04-10T13:06:49.415Z"}
{"level":"info","message":"User mun@gmail.com created ","service":"aquisition-api","timestamp":"2026-04-10T13:23:45.178Z"}
{"level":"info","message":"user registered successfully mun@gmail.com","service":"aquisition-api","timestamp":"2026-04-10T13:23:45.181Z"}
{"level":"info","message":"::1 - - [10/Apr/2026:13:23:45 +0000] \"POST /api/auth/sign-up HTTP/1.1\" 201 96 \"-\" \"PostmanRuntime/7.53.0\"","service":"aquisition-api","timestamp":"2026-04-10T13:23:45.183Z"}
{"level":"info","message":"::1 - - [12/Apr/2026:16:57:49 +0000] \"GET /health HTTP/1.1\" 200 74 \"-\" \"PostmanRuntime/7.53.0\"","service":"aquisition-api","timestamp":"2026-04-12T16:57:49.089Z"}
{"level":"info","message":"::1 - - [12/Apr/2026:16:58:01 +0000] \"GET /health HTTP/1.1\" 200 74 \"-\" \"PostmanRuntime/7.53.0\"","service":"aquisition-api","timestamp":"2026-04-12T16:58:01.720Z"}
{"level":"info","message":"::1 - - [12/Apr/2026:16:58:02 +0000] \"GET /health HTTP/1.1\" 200 74 \"-\" \"PostmanRuntime/7.53.0\"","service":"aquisition-api","timestamp":"2026-04-12T16:58:02.671Z"}
{"level":"info","message":"::1 - - [12/Apr/2026:16:58:03 +0000] \"GET /health HTTP/1.1\" 200 74 \"-\" \"PostmanRuntime/7.53.0\"","service":"aquisition-api","timestamp":"2026-04-12T16:58:03.681Z"}
{"level":"info","message":"::1 - - [12/Apr/2026:16:58:04 +0000] \"GET /health HTTP/1.1\" 200 72 \"-\" \"PostmanRuntime/7.53.0\"","service":"aquisition-api","timestamp":"2026-04-12T16:58:04.577Z"}
{"level":"info","message":"::1 - - [12/Apr/2026:16:58:05 +0000] \"GET /health HTTP/1.1\" 200 74 \"-\" \"PostmanRuntime/7.53.0\"","service":"aquisition-api","timestamp":"2026-04-12T16:58:05.451Z"}
{"level":"info","message":"::1 - - [12/Apr/2026:16:58:06 +0000] \"GET /health HTTP/1.1\" 200 74 \"-\" \"PostmanRuntime/7.53.0\"","service":"aquisition-api","timestamp":"2026-04-12T16:58:06.285Z"}
{"level":"info","message":"::1 - - [12/Apr/2026:16:58:07 +0000] \"GET /health HTTP/1.1\" 200 73 \"-\" \"PostmanRuntime/7.53.0\"","service":"aquisition-api","timestamp":"2026-04-12T16:58:07.099Z"}
{"level":"info","message":"::1 - - [12/Apr/2026:16:58:07 +0000] \"GET /health HTTP/1.1\" 200 74 \"-\" \"PostmanRuntime/7.53.0\"","service":"aquisition-api","timestamp":"2026-04-12T16:58:07.904Z"}
{"level":"info","message":"::1 - - [12/Apr/2026:16:58:08 +0000] \"GET /health HTTP/1.1\" 200 74 \"-\" \"PostmanRuntime/7.53.0\"","service":"aquisition-api","timestamp":"2026-04-12T16:58:08.751Z"}
{"level":"info","message":"::1 - - [12/Apr/2026:16:58:09 +0000] \"GET /health HTTP/1.1\" 200 74 \"-\" \"PostmanRuntime/7.53.0\"","service":"aquisition-api","timestamp":"2026-04-12T16:58:09.573Z"}
{"level":"info","message":"::1 - - [12/Apr/2026:16:58:10 +0000] \"GET /health HTTP/1.1\" 200 73 \"-\" \"PostmanRuntime/7.53.0\"","service":"aquisition-api","timestamp":"2026-04-12T16:58:10.403Z"}
{"level":"info","message":"::1 - - [12/Apr/2026:16:58:11 +0000] \"GET /health HTTP/1.1\" 200 74 \"-\" \"PostmanRuntime/7.53.0\"","service":"aquisition-api","timestamp":"2026-04-12T16:58:11.188Z"}
{"level":"info","message":"::1 - - [12/Apr/2026:16:58:11 +0000] \"GET /health HTTP/1.1\" 200 74 \"-\" \"PostmanRuntime/7.53.0\"","service":"aquisition-api","timestamp":"2026-04-12T16:58:11.953Z"}
{"level":"info","message":"::1 - - [12/Apr/2026:16:58:12 +0000] \"GET /health HTTP/1.1\" 200 74 \"-\" \"PostmanRuntime/7.53.0\"","service":"aquisition-api","timestamp":"2026-04-12T16:58:12.745Z"}
{"level":"info","message":"::1 - - [12/Apr/2026:16:58:13 +0000] \"GET /health HTTP/1.1\" 200 74 \"-\" \"PostmanRuntime/7.53.0\"","service":"aquisition-api","timestamp":"2026-04-12T16:58:13.563Z"}
{"level":"info","message":"::1 - - [12/Apr/2026:16:58:14 +0000] \"GET /health HTTP/1.1\" 200 74 \"-\" \"PostmanRuntime/7.53.0\"","service":"aquisition-api","timestamp":"2026-04-12T16:58:14.361Z"}
{"level":"info","message":"::1 - - [12/Apr/2026:16:58:15 +0000] \"GET /health HTTP/1.1\" 200 74 \"-\" \"PostmanRuntime/7.53.0\"","service":"aquisition-api","timestamp":"2026-04-12T16:58:15.210Z"}
{"level":"info","message":"::1 - - [12/Apr/2026:16:58:16 +0000] \"GET /health HTTP/1.1\" 200 74 \"-\" \"PostmanRuntime/7.53.0\"","service":"aquisition-api","timestamp":"2026-04-12T16:58:16.012Z"}
{"level":"info","message":"::1 - - [12/Apr/2026:16:58:16 +0000] \"GET /health HTTP/1.1\" 200 74 \"-\" \"PostmanRuntime/7.53.0\"","service":"aquisition-api","timestamp":"2026-04-12T16:58:16.811Z"}
{"level":"info","message":"::1 - - [12/Apr/2026:16:58:17 +0000] \"GET /health HTTP/1.1\" 200 74 \"-\" \"PostmanRuntime/7.53.0\"","service":"aquisition-api","timestamp":"2026-04-12T16:58:17.552Z"}
{"level":"info","message":"::1 - - [12/Apr/2026:16:58:18 +0000] \"GET /health HTTP/1.1\" 200 74 \"-\" \"PostmanRuntime/7.53.0\"","service":"aquisition-api","timestamp":"2026-04-12T16:58:18.346Z"}
{"level":"info","message":"::1 - - [12/Apr/2026:16:58:19 +0000] \"GET /health HTTP/1.1\" 200 73 \"-\" \"PostmanRuntime/7.53.0\"","service":"aquisition-api","timestamp":"2026-04-12T16:58:19.158Z"}
{"level":"info","message":"::1 - - [12/Apr/2026:16:58:57 +0000] \"GET /health HTTP/1.1\" 200 74 \"-\" \"PostmanRuntime/7.53.0\"","service":"aquisition-api","timestamp":"2026-04-12T16:58:57.465Z"}
{"level":"info","message":"::1 - - [12/Apr/2026:16:58:58 +0000] \"GET /health HTTP/1.1\" 200 74 \"-\" \"PostmanRuntime/7.53.0\"","service":"aquisition-api","timestamp":"2026-04-12T16:58:58.307Z"}
{"level":"info","message":"::1 - - [12/Apr/2026:16:58:59 +0000] \"GET /health HTTP/1.1\" 200 74 \"-\" \"PostmanRuntime/7.53.0\"","service":"aquisition-api","timestamp":"2026-04-12T16:58:59.057Z"}
{"level":"info","message":"::1 - - [12/Apr/2026:16:58:59 +0000] \"GET /health HTTP/1.1\" 200 74 \"-\" \"PostmanRuntime/7.53.0\"","service":"aquisition-api","timestamp":"2026-04-12T16:58:59.810Z"}
{"level":"info","message":"::1 - - [12/Apr/2026:16:59:00 +0000] \"GET /health HTTP/1.1\" 200 74 \"-\" \"PostmanRuntime/7.53.0\"","service":"aquisition-api","timestamp":"2026-04-12T16:59:00.535Z"}
{"level":"info","message":"::1 - - [12/Apr/2026:16:59:01 +0000] \"GET /health HTTP/1.1\" 200 74 \"-\" \"PostmanRuntime/7.53.0\"","service":"aquisition-api","timestamp":"2026-04-12T16:59:01.285Z"}
{"level":"info","message":"::1 - - [12/Apr/2026:16:59:01 +0000] \"GET /health HTTP/1.1\" 200 74 \"-\" \"PostmanRuntime/7.53.0\"","service":"aquisition-api","timestamp":"2026-04-12T16:59:01.998Z"}
{"level":"info","message":"::1 - - [12/Apr/2026:16:59:02 +0000] \"GET /health HTTP/1.1\" 200 73 \"-\" \"PostmanRuntime/7.53.0\"","service":"aquisition-api","timestamp":"2026-04-12T16:59:02.752Z"}
{"level":"info","message":"::1 - - [12/Apr/2026:16:59:03 +0000] \"GET /health HTTP/1.1\" 200 74 \"-\" \"PostmanRuntime/7.53.0\"","service":"aquisition-api","timestamp":"2026-04-12T16:59:03.443Z"}
{"level":"info","message":"::1 - - [12/Apr/2026:16:59:04 +0000] \"GET /health HTTP/1.1\" 200 74 \"-\" \"PostmanRuntime/7.53.0\"","service":"aquisition-api","timestamp":"2026-04-12T16:59:04.171Z"}
{"level":"info","message":"::1 - - [12/Apr/2026:16:59:04 +0000] \"GET /health HTTP/1.1\" 200 74 \"-\" \"PostmanRuntime/7.53.0\"","service":"aquisition-api","timestamp":"2026-04-12T16:59:04.951Z"}
{"level":"info","message":"::1 - - [12/Apr/2026:16:59:05 +0000] \"GET /health HTTP/1.1\" 200 74 \"-\" \"PostmanRuntime/7.53.0\"","service":"aquisition-api","timestamp":"2026-04-12T16:59:05.681Z"}
{"level":"info","message":"::1 - - [12/Apr/2026:16:59:06 +0000] \"GET /health HTTP/1.1\" 200 74 \"-\" \"PostmanRuntime/7.53.0\"","service":"aquisition-api","timestamp":"2026-04-12T16:59:06.421Z"}
{"level":"info","message":"::1 - - [12/Apr/2026:16:59:07 +0000] \"GET /health HTTP/1.1\" 200 74 \"-\" \"PostmanRuntime/7.53.0\"","service":"aquisition-api","timestamp":"2026-04-12T16:59:07.110Z"}
{"level":"info","message":"::1 - - [12/Apr/2026:16:59:07 +0000] \"GET /health HTTP/1.1\" 200 74 \"-\" \"PostmanRuntime/7.53.0\"","service":"aquisition-api","timestamp":"2026-04-12T16:59:07.736Z"}
{"level":"info","message":"::1 - - [12/Apr/2026:16:59:08 +0000] \"GET /health HTTP/1.1\" 200 74 \"-\" \"PostmanRuntime/7.53.0\"","service":"aquisition-api","timestamp":"2026-04-12T16:59:08.361Z"}
{"level":"info","message":"::1 - - [12/Apr/2026:16:59:09 +0000] \"GET /health HTTP/1.1\" 200 74 \"-\" \"PostmanRuntime/7.53.0\"","service":"aquisition-api","timestamp":"2026-04-12T16:59:09.014Z"}
{"level":"info","message":"::1 - - [12/Apr/2026:16:59:09 +0000] \"GET /health HTTP/1.1\" 200 74 \"-\" \"PostmanRuntime/7.53.0\"","service":"aquisition-api","timestamp":"2026-04-12T16:59:09.622Z"}
{"level":"info","message":"::1 - - [12/Apr/2026:16:59:10 +0000] \"GET /health HTTP/1.1\" 200 74 \"-\" \"PostmanRuntime/7.53.0\"","service":"aquisition-api","timestamp":"2026-04-12T16:59:10.271Z"}
{"level":"info","message":"::1 - - [12/Apr/2026:16:59:10 +0000] \"GET /health HTTP/1.1\" 200 74 \"-\" \"PostmanRuntime/7.53.0\"","service":"aquisition-api","timestamp":"2026-04-12T16:59:10.897Z"}
{"level":"info","message":"::1 - - [12/Apr/2026:17:05:11 +0000] \"GET /health HTTP/1.1\" 200 75 \"-\" \"PostmanRuntime/7.53.0\"","service":"aquisition-api","timestamp":"2026-04-12T17:05:11.348Z"}
{"level":"info","message":"::1 - - [12/Apr/2026:17:05:21 +0000] \"GET /health HTTP/1.1\" 200 75 \"-\" \"PostmanRuntime/7.53.0\"","service":"aquisition-api","timestamp":"2026-04-12T17:05:21.751Z"}
{"level":"info","message":"::1 - - [12/Apr/2026:17:05:22 +0000] \"GET /health HTTP/1.1\" 200 74 \"-\" \"PostmanRuntime/7.53.0\"","service":"aquisition-api","timestamp":"2026-04-12T17:05:22.308Z"}
{"level":"info","message":"::1 - - [12/Apr/2026:17:05:26 +0000] \"GET /health HTTP/1.1\" 200 75 \"-\" \"PostmanRuntime/7.53.0\"","service":"aquisition-api","timestamp":"2026-04-12T17:05:26.533Z"}
{"level":"info","message":"::1 - - [12/Apr/2026:17:05:27 +0000] \"GET /health HTTP/1.1\" 200 75 \"-\" \"PostmanRuntime/7.53.0\"","service":"aquisition-api","timestamp":"2026-04-12T17:05:27.502Z"}
{"level":"info","message":"::1 - - [12/Apr/2026:17:05:28 +0000] \"GET /health HTTP/1.1\" 200 75 \"-\" \"PostmanRuntime/7.53.0\"","service":"aquisition-api","timestamp":"2026-04-12T17:05:28.383Z"}
{"level":"info","message":"::1 - - [12/Apr/2026:17:05:29 +0000] \"GET /health HTTP/1.1\" 200 75 \"-\" \"PostmanRuntime/7.53.0\"","service":"aquisition-api","timestamp":"2026-04-12T17:05:29.181Z"}
{"level":"info","message":"::1 - - [12/Apr/2026:17:05:30 +0000] \"GET /health HTTP/1.1\" 200 75 \"-\" \"PostmanRuntime/7.53.0\"","service":"aquisition-api","timestamp":"2026-04-12T17:05:30.017Z"}
{"level":"info","message":"::1 - - [12/Apr/2026:17:05:30 +0000] \"GET /health HTTP/1.1\" 200 75 \"-\" \"PostmanRuntime/7.53.0\"","service":"aquisition-api","timestamp":"2026-04-12T17:05:30.792Z"}
{"level":"info","message":"::1 - - [12/Apr/2026:17:05:31 +0000] \"GET /health HTTP/1.1\" 200 75 \"-\" \"PostmanRuntime/7.53.0\"","service":"aquisition-api","timestamp":"2026-04-12T17:05:31.637Z"}
{"level":"info","message":"::1 - - [12/Apr/2026:17:05:32 +0000] \"GET /health HTTP/1.1\" 200 75 \"-\" \"PostmanRuntime/7.53.0\"","service":"aquisition-api","timestamp":"2026-04-12T17:05:32.524Z"}
{"level":"info","message":"::1 - - [12/Apr/2026:17:05:33 +0000] \"GET /health HTTP/1.1\" 200 75 \"-\" \"PostmanRuntime/7.53.0\"","service":"aquisition-api","timestamp":"2026-04-12T17:05:33.300Z"}
{"level":"info","message":"::1 - - [12/Apr/2026:17:05:34 +0000] \"GET /health HTTP/1.1\" 200 74 \"-\" \"PostmanRuntime/7.53.0\"","service":"aquisition-api","timestamp":"2026-04-12T17:05:34.127Z"}
{"level":"info","message":"::1 - - [12/Apr/2026:17:05:34 +0000] \"GET /health HTTP/1.1\" 200 75 \"-\" \"PostmanRuntime/7.53.0\"","service":"aquisition-api","timestamp":"2026-04-12T17:05:34.891Z"}
{"level":"info","message":"::1 - - [12/Apr/2026:17:05:35 +0000] \"GET /health HTTP/1.1\" 200 75 \"-\" \"PostmanRuntime/7.53.0\"","service":"aquisition-api","timestamp":"2026-04-12T17:05:35.707Z"}
{"level":"info","message":"::1 - - [12/Apr/2026:17:05:36 +0000] \"GET /health HTTP/1.1\" 200 75 \"-\" \"PostmanRuntime/7.53.0\"","service":"aquisition-api","timestamp":"2026-04-12T17:05:36.473Z"}
{"level":"info","message":"::1 - - [12/Apr/2026:17:05:37 +0000] \"GET /health HTTP/1.1\" 200 75 \"-\" \"PostmanRuntime/7.53.0\"","service":"aquisition-api","timestamp":"2026-04-12T17:05:37.214Z"}
{"level":"info","message":"::1 - - [12/Apr/2026:17:05:37 +0000] \"GET /health HTTP/1.1\" 200 73 \"-\" \"PostmanRuntime/7.53.0\"","service":"aquisition-api","timestamp":"2026-04-12T17:05:37.939Z"}
{"level":"info","message":"::1 - - [12/Apr/2026:17:05:38 +0000] \"GET /health HTTP/1.1\" 200 75 \"-\" \"PostmanRuntime/7.53.0\"","service":"aquisition-api","timestamp":"2026-04-12T17:05:38.720Z"}
{"level":"info","message":"::1 - - [12/Apr/2026:17:05:39 +0000] \"GET /health HTTP/1.1\" 200 75 \"-\" \"PostmanRuntime/7.53.0\"","service":"aquisition-api","timestamp":"2026-04-12T17:05:39.424Z"}
{"level":"info","message":"::1 - - [12/Apr/2026:17:05:40 +0000] \"GET /health HTTP/1.1\" 200 73 \"-\" \"PostmanRuntime/7.53.0\"","service":"aquisition-api","timestamp":"2026-04-12T17:05:40.071Z"}
{"level":"info","message":"::1 - - [12/Apr/2026:17:05:40 +0000] \"GET /health HTTP/1.1\" 200 75 \"-\" \"PostmanRuntime/7.53.0\"","service":"aquisition-api","timestamp":"2026-04-12T17:05:40.791Z"}
{"level":"info","message":"::1 - - [12/Apr/2026:17:05:41 +0000] \"GET /health HTTP/1.1\" 200 75 \"-\" \"PostmanRuntime/7.53.0\"","service":"aquisition-api","timestamp":"2026-04-12T17:05:41.433Z"}
{"level":"info","message":"::1 - - [12/Apr/2026:17:05:42 +0000] \"GET /health HTTP/1.1\" 200 75 \"-\" \"PostmanRuntime/7.53.0\"","service":"aquisition-api","timestamp":"2026-04-12T17:05:42.079Z"}
{"level":"info","message":"::1 - - [12/Apr/2026:17:05:42 +0000] \"GET /health HTTP/1.1\" 200 75 \"-\" \"PostmanRuntime/7.53.0\"","service":"aquisition-api","timestamp":"2026-04-12T17:05:42.767Z"}
{"level":"info","message":"::1 - - [12/Apr/2026:17:05:43 +0000] \"GET /health HTTP/1.1\" 200 75 \"-\" \"PostmanRuntime/7.53.0\"","service":"aquisition-api","timestamp":"2026-04-12T17:05:43.469Z"}
{"level":"info","message":"::1 - - [12/Apr/2026:17:05:44 +0000] \"GET /health HTTP/1.1\" 200 75 \"-\" \"PostmanRuntime/7.53.0\"","service":"aquisition-api","timestamp":"2026-04-12T17:05:44.228Z"}
{"level":"info","message":"::1 - - [12/Apr/2026:17:05:44 +0000] \"GET /health HTTP/1.1\" 200 75 \"-\" \"PostmanRuntime/7.53.0\"","service":"aquisition-api","timestamp":"2026-04-12T17:05:44.925Z"}
{"level":"info","message":"::1 - - [12/Apr/2026:17:05:45 +0000] \"GET /health HTTP/1.1\" 200 75 \"-\" \"PostmanRuntime/7.53.0\"","service":"aquisition-api","timestamp":"2026-04-12T17:05:45.709Z"}
{"level":"info","message":"::1 - - [12/Apr/2026:17:05:46 +0000] \"GET /health HTTP/1.1\" 200 74 \"-\" \"PostmanRuntime/7.53.0\"","service":"aquisition-api","timestamp":"2026-04-12T17:05:46.485Z"}
{"level":"info","message":"::1 - - [12/Apr/2026:17:05:47 +0000] \"GET /health HTTP/1.1\" 200 75 \"-\" \"PostmanRuntime/7.53.0\"","service":"aquisition-api","timestamp":"2026-04-12T17:05:47.254Z"}
{"level":"info","message":"::1 - - [12/Apr/2026:17:05:48 +0000] \"GET /health HTTP/1.1\" 200 74 \"-\" \"PostmanRuntime/7.53.0\"","service":"aquisition-api","timestamp":"2026-04-12T17:05:48.041Z"}
{"level":"info","message":"::1 - - [12/Apr/2026:17:05:48 +0000] \"GET /health HTTP/1.1\" 200 75 \"-\" \"PostmanRuntime/7.53.0\"","service":"aquisition-api","timestamp":"2026-04-12T17:05:48.822Z"}
{"level":"info","message":"::1 - - [12/Apr/2026:17:05:49 +0000] \"GET /health HTTP/1.1\" 200 75 \"-\" \"PostmanRuntime/7.53.0\"","service":"aquisition-api","timestamp":"2026-04-12T17:05:49.496Z"}
{"level":"info","message":"::1 - - [12/Apr/2026:17:05:50 +0000] \"GET /health HTTP/1.1\" 200 75 \"-\" \"PostmanRuntime/7.53.0\"","service":"aquisition-api","timestamp":"2026-04-12T17:05:50.172Z"}
{"ip":"::1","level":"warn","message":"Bot request blocked","path":"/health","service":"aquisition-api","timestamp":"2026-04-12T17:12:14.484Z","userAgent":"PostmanRuntime/7.53.0"}
{"level":"info","message":"::1 - - [12/Apr/2026:17:12:14 +0000] \"GET /health HTTP/1.1\" 403 69 \"-\" \"PostmanRuntime/7.53.0\"","service":"aquisition-api","timestamp":"2026-04-12T17:12:14.497Z"}
